--------------------------------------------------------------------------------------
Timing Analyzer Summary
--------------------------------------------------------------------------------------

Type           : Worst-case tsu
Slack          : N/A
Required Time  : None
Actual Time    : 17.000 ns
From           : isWork
To             : MOD_MAX:u4|ones[1]
From Clock     : --
To Clock       : CLK_org
Failed Paths   : 0

Type           : Worst-case tco
Slack          : N/A
Required Time  : None
Actual Time    : 33.000 ns
From           : light_1:u5|light2[3]
To             : light6_D
From Clock     : CLK_org
To Clock       : --
Failed Paths   : 0

Type           : Worst-case tpd
Slack          : N/A
Required Time  : None
Actual Time    : 15.000 ns
From           : mode_EN
To             : light6_D
From Clock     : --
To Clock       : --
Failed Paths   : 0

Type           : Worst-case th
Slack          : N/A
Required Time  : None
Actual Time    : 13.000 ns
From           : EN_set
To             : light_1:u5|light[0]
From Clock     : --
To Clock       : CLK_org
Failed Paths   : 0

Type           : Clock Setup: 'CLK_org'
Slack          : N/A
Required Time  : None
Actual Time    : 18.87 MHz ( period = 53.000 ns )
From           : MOD_MAX:u4|tens[3]
To             : MOD_MAX:u4|ones[1]
From Clock     : CLK_org
To Clock       : CLK_org
Failed Paths   : 0

Type           : Clock Setup: 'CLK_Music'
Slack          : N/A
Required Time  : None
Actual Time    : 47.62 MHz ( period = 21.000 ns )
From           : Music:u12|lpm_counter:counter_rtl_1|dffs[6]
To             : Music:u12|Music
From Clock     : CLK_Music
To Clock       : CLK_Music
Failed Paths   : 0

Type           : Total number of failed paths
Slack          : 
Required Time  : 
Actual Time    : 
From           : 
To             : 
From Clock     : 
To Clock       : 
Failed Paths   : 0

--------------------------------------------------------------------------------------

